[www.shinhanvc.com/kr.html]
[backblue.gif]
[fade.gif]
[index.html]
[www.shinhanvc.com/images/favicon_symbol.png]
[cdn.jsdelivr.net/npm/xeicon@2.3.3/xeicon.min.css]
[ajax.googleapis.com/ajax/libs/jquery/1.9.1/jquery.min.js]
[ajax.googleapis.com/ajax/libs/jqueryui/1.11.4/jquery-ui.min.js]
[www.shinhanvc.com/js/bootstrap.js]
[www.shinhanvc.com/js/aos.js]
[www.shinhanvc.com/js/placeholders.min.js]
[www.shinhanvc.com/js/jquery.easing.js]
[www.shinhanvc.com/js/jquery-3.6.0.min.js]
[www.shinhanvc.com/js/gsap-3.6.0.min.js]
[www.shinhanvc.com/js/ScrollToPlugin-3.4.2.min.js]
[www.shinhanvc.com/js/ScrollTrigger-3.4.2.min.js]
[www.shinhanvc.com/js/locomotive-scroll.min.js]
[www.shinhanvc.com/js/swiper-bundle.min.js]
[www.shinhanvc.com/js/splitting.min.js]
[cdnjs.cloudflare.com/ajax/libs/ScrollMagic/2.0.8/ScrollMagic.min.js]
[cdnjs.cloudflare.com/ajax/libs/ScrollMagic/2.0.8/plugins/debug.addIndicators.js]
[cdnjs.cloudflare.com/ajax/libs/ScrollMagic/2.0.8/plugins/animation.gsap.min.js]
[www.shinhanvc.com/js/language/common-kr.js]
[www.shinhanvc.com/en.html]
[www.shinhanvc.com/kr/aboutus/greetings.html]
[www.shinhanvc.com/kr/aboutus/organization.html]
[www.shinhanvc.com/kr/aboutus/history.html]
[www.shinhanvc.com/kr/aboutus/contactus.html]
[www.shinhanvc.com/kr/investment/portfolio.html]
[www.shinhanvc.com/kr/team/vc.html]
[www.shinhanvc.com/kr/team/pe.html]
[www.shinhanvc.com/kr/team/globalinvestment.html]
[www.shinhanvc.com/kr/team/investmentstrategy.html]
[www.shinhanvc.com/kr/team/riskmanagement.html]
[www.shinhanvc.com/kr/team/businesssupport.html]
[www.shinhanvc.com/kr/notice/notice.html]
[www.shinhanvc.com/images/main/main-sec01-bg01.png]
[www.shinhanvc.com/images/main/main-sec01-bg02.png]
[www.shinhanvc.com/images/main/visual.mp4]
[www.shinhanvc.com/images/main/main-sec04-img01.jpg]
[www.shinhanvc.com/images/main/main-sec04-img02.jpg]
[www.shinhanvc.com/images/main/main-sec04-img03.jpg]
[www.shinhanvc.com/images/main/main-sec05-ico01.png]
[www.shinhanvc.com/images/main/main-sec05-img0101.png]
[www.shinhanvc.com/images/main/main-sec05-img0102.png]
[www.shinhanvc.com/images/main/main-sec05-img0103.png]
[www.shinhanvc.com/images/main/main-sec05-img0104.png]
[www.shinhanvc.com/images/main/main-sec05-img0105.png]
[www.shinhanvc.com/images/main/main-sec05-img0106.png]
[www.shinhanvc.com/images/main/main-sec05-img0107.png]
[www.shinhanvc.com/images/main/main-sec05-img0108.png]
[www.shinhanvc.com/images/main/main-sec05-img0109.png]
[www.shinhanvc.com/images/main/main-sec05-img0110.png]
[www.shinhanvc.com/images/main/main-sec05-img0111.png]
[www.shinhanvc.com/images/main/main-sec05-img0112.png]
[www.shinhanvc.com/images/main/main-sec05-img0201.png]
[www.shinhanvc.com/images/main/main-sec05-img0202.png]
[www.shinhanvc.com/images/main/main-sec05-img0203.png]
[www.shinhanvc.com/images/main/main-sec05-img0204.png]
[www.shinhanvc.com/images/main/main-sec05-img0205.png]
[www.shinhanvc.com/images/main/main-sec05-img0206.png]
[www.shinhanvc.com/images/main/main-sec05-img0207.png]
[www.shinhanvc.com/images/main/main-sec05-img0208.png]
[www.shinhanvc.com/images/main/main-sec05-img0209.png]
[www.shinhanvc.com/images/main/main-sec05-img0210.png]
[www.shinhanvc.com/images/main/main-sec05-img0211.png]
[www.shinhanvc.com/images/main/main-sec05-img0212.png]
[www.shinhanvc.com/kr/privacy/stewardship.html]
[www.shinhanvc.com/kr/privacy/cyber.html]
[www.shinhanvc.com/js/main2.js]
[www.shinhanvc.com/js/base.js]
[www.shinhanvc.com/kr.html]
[www.shinhanvc.com/css/normalize.min.css]
[www.shinhanvc.com/fonts/glyphicons-halflings-regular.eot]
[www.shinhanvc.com/fonts/glyphicons-halflings-regulard41d.eot]
[www.shinhanvc.com/fonts/glyphicons-halflings-regular.woff]
[www.shinhanvc.com/fonts/glyphicons-halflings-regular.ttf]
[www.shinhanvc.com/css/bootstrap.css]
[www.shinhanvc.com/fonts/notokr-thin.html]
[www.shinhanvc.com/fonts/notokr-thind41d.html]
[www.shinhanvc.com/fonts/notokr-thin.woff]
[www.shinhanvc.com/fonts/notokr-thin.ttf]
[www.shinhanvc.com/fonts/notokr-light.html]
[www.shinhanvc.com/fonts/notokr-lightd41d.html]
[www.shinhanvc.com/fonts/notokr-light.woff]
[www.shinhanvc.com/fonts/notokr-light.ttf]
[www.shinhanvc.com/fonts/notokr-regular.html]
[www.shinhanvc.com/fonts/notokr-regulard41d.html]
[www.shinhanvc.com/fonts/notokr-regular.woff]
[www.shinhanvc.com/fonts/notokr-regular.ttf]
[www.shinhanvc.com/fonts/notokr-medium.html]
[www.shinhanvc.com/fonts/notokr-mediumd41d.html]
[www.shinhanvc.com/fonts/notokr-medium.woff]
[www.shinhanvc.com/fonts/notokr-medium.ttf]
[www.shinhanvc.com/fonts/notokr-bold.html]
[www.shinhanvc.com/fonts/notokr-boldd41d.html]
[www.shinhanvc.com/fonts/notokr-bold.woff]
[www.shinhanvc.com/fonts/notokr-bold.ttf]
[www.shinhanvc.com/fonts/notosc-thin.html]
[www.shinhanvc.com/fonts/notosc-thind41d.html]
[www.shinhanvc.com/fonts/notosc-thin.woff]
[www.shinhanvc.com/fonts/notosc-thin.ttf]
[www.shinhanvc.com/fonts/notosc-light.html]
[www.shinhanvc.com/fonts/notosc-lightd41d.html]
[www.shinhanvc.com/fonts/notosc-light.woff]
[www.shinhanvc.com/fonts/notosc-light.ttf]
[www.shinhanvc.com/fonts/notosc-regular.html]
[www.shinhanvc.com/fonts/notosc-regulard41d.html]
[www.shinhanvc.com/fonts/notosc-regular.woff]
[www.shinhanvc.com/fonts/notosc-regular.ttf]
[www.shinhanvc.com/fonts/notosc-medium.html]
[www.shinhanvc.com/fonts/notosc-mediumd41d.html]
[www.shinhanvc.com/fonts/notosc-medium.woff]
[www.shinhanvc.com/fonts/notosc-medium.ttf]
[www.shinhanvc.com/fonts/notosc-bold.html]
[www.shinhanvc.com/fonts/notosc-boldd41d.html]
[www.shinhanvc.com/fonts/notosc-bold.woff]
[www.shinhanvc.com/fonts/notosc-bold.ttf]
[www.shinhanvc.com/fonts/roboto-v20-latin-100.eot]
[www.shinhanvc.com/fonts/roboto-v20-latin-100d41d.eot]
[www.shinhanvc.com/fonts/roboto-v20-latin-100.woff]
[www.shinhanvc.com/fonts/roboto-v20-latin-100.ttf]
[www.shinhanvc.com/fonts/roboto-v20-latin-300.eot]
[www.shinhanvc.com/fonts/roboto-v20-latin-300d41d.eot]
[www.shinhanvc.com/fonts/roboto-v20-latin-300.woff]
[www.shinhanvc.com/fonts/roboto-v20-latin-300.ttf]
[www.shinhanvc.com/fonts/roboto-v20-latin-regular.eot]
[www.shinhanvc.com/fonts/roboto-v20-latin-regulard41d.eot]
[www.shinhanvc.com/fonts/roboto-v20-latin-regular.woff]
[www.shinhanvc.com/fonts/roboto-v20-latin-regular.ttf]
[www.shinhanvc.com/fonts/roboto-v20-latin-500.eot]
[www.shinhanvc.com/fonts/roboto-v20-latin-500d41d.eot]
[www.shinhanvc.com/fonts/roboto-v20-latin-500.woff]
[www.shinhanvc.com/fonts/roboto-v20-latin-500.ttf]
[www.shinhanvc.com/fonts/roboto-v20-latin-700.eot]
[www.shinhanvc.com/fonts/roboto-v20-latin-700d41d.eot]
[www.shinhanvc.com/fonts/roboto-v20-latin-700.woff]
[www.shinhanvc.com/fonts/roboto-v20-latin-700.ttf]
[www.shinhanvc.com/fonts/roboto-v20-latin-900.eot]
[www.shinhanvc.com/fonts/roboto-v20-latin-900d41d.eot]
[www.shinhanvc.com/fonts/roboto-v20-latin-900.woff]
[www.shinhanvc.com/fonts/roboto-v20-latin-900.ttf]
[www.shinhanvc.com/fonts/shinhan/eot/OneShinhanBoldd41d.eot]
[www.shinhanvc.com/fonts/shinhan/woff/OneShinhanBold.woff]
[www.shinhanvc.com/fonts/shinhan/otf/OneShinhanBold.otf]
[www.shinhanvc.com/fonts/shinhan/eot/OneShinhanLightd41d.eot]
[www.shinhanvc.com/fonts/shinhan/woff/OneShinhanLight.woff]
[www.shinhanvc.com/fonts/shinhan/otf/OneShinhanLight.otf]
[www.shinhanvc.com/fonts/shinhan/eot/OneShinhanMediumd41d.eot]
[www.shinhanvc.com/fonts/shinhan/woff/OneShinhanMedium.woff]
[www.shinhanvc.com/fonts/shinhan/otf/OneShinhanMedium.otf]
[www.shinhanvc.com/css/font.css]
[www.shinhanvc.com/css/base.css]
[www.shinhanvc.com/css/animate.css]
[www.shinhanvc.com/css/aos.css]
[www.shinhanvc.com/css/swiper-bundle.min.css]
[www.shinhanvc.com/css/locomotive-scroll.min.css]
[www.shinhanvc.com/css/splitting.css]
[www.shinhanvc.com/css/splitting-cells.css]
[cdn.jsdelivr.net/npm/bootstrap-icons@1.5.0/font/bootstrap-icons.css]
[www.shinhanvc.com/css/base2.css]
[www.shinhanvc.com/images/logo_eng.png]
[www.shinhanvc.com/images/ico/ico-arrow01.png]
[www.shinhanvc.com/images/ico/ico-main-slide02.png]
[www.shinhanvc.com/images/ico/ico-main-slide01.png]
[www.shinhanvc.com/images/main/main-sec03-bg01.png]
[www.shinhanvc.com/images/main/main-sec03-img02.png]
[www.shinhanvc.com/images/main/main-sec03-bg02.png]
[www.shinhanvc.com/css/main2.css]
[cdn.jsdelivr.net/npm/xeicon@2.3.3/fonts/xeicon75d5.eot]
[cdn.jsdelivr.net/npm/xeicon@2.3.3/fonts/xeicon75d5.woff2]
[cdn.jsdelivr.net/npm/xeicon@2.3.3/fonts/xeicon75d5.ttf]
[cdn.jsdelivr.net/npm/xeicon@2.3.3/fonts/xeicon75d5.woff]
[cdn.jsdelivr.net/npm/xeicon@2.3.3/xeicon.min.css]
[cdn.jsdelivr.net/npm/xeicon@2.3.3/fonts/xeicon75d5.svg]
[www.shinhanvc.com/js/language/common-en.js]
[www.shinhanvc.com/js/owl.carousel.js]
[www.shinhanvc.com/en/aboutus/greetings.html]
[www.shinhanvc.com/en/aboutus/organization.html]
[www.shinhanvc.com/en/aboutus/history.html]
[www.shinhanvc.com/en/aboutus/contactus.html]
[www.shinhanvc.com/en/investment/portfolio.html]
[www.shinhanvc.com/en/team/vc.html]
[www.shinhanvc.com/en/team/pe.html]
[www.shinhanvc.com/en/team/globalinvestment.html]
[www.shinhanvc.com/en/team/investmentstrategy.html]
[www.shinhanvc.com/en/team/riskmanagement.html]
[www.shinhanvc.com/en/team/businesssupport.html]
[www.shinhanvc.com/en.html]
[www.shinhanvc.com/en/notice/notice.html]
[www.shinhanvc.com/images/aboutUs/suv_vis01.jpg]
[www.shinhanvc.com/images/aboutUs/ceo_img.jpg]
[www.shinhanvc.com/kr/aboutus/greetings.html]
[www.shinhanvc.com/images/aboutUs/organization_img.png]
[www.shinhanvc.com/kr/aboutus/organization.html]
[www.shinhanvc.com/images/aboutUs/history_img_2212.jpg]
[www.shinhanvc.com/images/aboutUs/history_img_2209.jpg]
[www.shinhanvc.com/images/aboutUs/history_img_2206.jpg]
[www.shinhanvc.com/images/aboutUs/history_img_2111.jpg]
[www.shinhanvc.com/kr/aboutus/history.html]
[www.shinhanvc.com/images/aboutUs/history_img01.jpg]
[www.shinhanvc.com/kr/aboutus/contactus.html]
[www.shinhanvc.com/js/jquery.heapbox-0.9.4.min.js]
[www.shinhanvc.com/images/investment/sub_vis02.jpg]
[www.shinhanvc.com/upload/portfolio/20220331/logo1.png]
[www.shinhanvc.com/upload/portfolio/20220331/logo2.png]
[www.shinhanvc.com/upload/portfolio/20220331/logo3.png]
[www.shinhanvc.com/upload/portfolio/20220331/logo4.png]
[www.shinhanvc.com/upload/portfolio/20220331/logo5.png]
[www.shinhanvc.com/upload/portfolio/20220331/logo6.png]
[www.shinhanvc.com/upload/portfolio/20220331/logo7.png]
[www.shinhanvc.com/upload/portfolio/20220331/logo8.png]
[www.shinhanvc.com/upload/portfolio/20220331/logo9.png]
[www.shinhanvc.com/upload/portfolio/20220331/logo10.png]
[www.shinhanvc.com/upload/portfolio/20220331/logo11.png]
[www.shinhanvc.com/upload/portfolio/20220331/logo12.png]
[www.shinhanvc.com/upload/portfolio/20220331/logo13.png]
[www.shinhanvc.com/upload/portfolio/20220331/logo14.png]
[www.shinhanvc.com/upload/portfolio/20220331/logo15.png]
[www.shinhanvc.com/images/common/blank.png]
[www.shinhanvc.com/upload/portfolio/20220331/logo17.png]
[www.shinhanvc.com/upload/portfolio/20220331/logo18.png]
[www.shinhanvc.com/upload/portfolio/20220331/logo19.png]
[www.shinhanvc.com/upload/portfolio/20220331/logo20.png]
[www.shinhanvc.com/kr/investment/portfolio2679.html]
[www.shinhanvc.com/kr/investment/portfolio.html]
[www.shinhanvc.com/kr/investment/portfoliof62c.html]
[www.shinhanvc.com/images/team/sub_vis03.jpg]
[www.shinhanvc.com/kr/team/vc.html]
[www.shinhanvc.com/js/page/team.js]
[www.shinhanvc.com/kr/team/pe.html]
[www.shinhanvc.com/kr/team/globalinvestment.html]
[www.shinhanvc.com/kr/team/investmentstrategy.html]
[www.shinhanvc.com/kr/team/riskmanagement.html]
[www.shinhanvc.com/kr/team/businesssupport.html]
[www.shinhanvc.com/images/notice/sub_vis04.jpg]
[www.shinhanvc.com/kr/notice/notice/27.html]
[www.shinhanvc.com/kr/notice/notice/26.html]
[www.shinhanvc.com/kr/notice/notice/25.html]
[www.shinhanvc.com/kr/notice/notice/24.html]
[www.shinhanvc.com/kr/notice/notice/23.html]
[www.shinhanvc.com/kr/notice/notice/20.html]
[www.shinhanvc.com/kr/notice/notice/21.html]
[www.shinhanvc.com/kr/notice/notice.html]
[www.shinhanvc.com/images/main/main-sec03-img01.svg]
[www.shinhanvc.com/index.html]
[www.shinhanvc.com/kr/notice/notice/22.html]
[www.shinhanvc.com/kr/privacy/stewardship.html]
[www.shinhanvc.com/kr/privacy/cyber.html]
[www.shinhanvc.com/fonts/glyphicons-halflings-regular.html]
[www.shinhanvc.com/fonts/glyphicons-halflings-regular.svg]
[fonts.googleapis.com/earlyaccess/notosanssc.css]
[www.shinhanvc.com/fonts/notokr-thin.html]
[www.shinhanvc.com/fonts/notokr-thind41d.html]
[www.shinhanvc.com/fonts/notokr-light.html]
[www.shinhanvc.com/fonts/notokr-lightd41d.html]
[www.shinhanvc.com/fonts/notokr-regular.html]
[www.shinhanvc.com/fonts/notokr-regulard41d.html]
[www.shinhanvc.com/fonts/notokr-medium.html]
[www.shinhanvc.com/fonts/notokr-mediumd41d.html]
[www.shinhanvc.com/fonts/notokr-bold.html]
[www.shinhanvc.com/fonts/notokr-boldd41d.html]
[www.shinhanvc.com/fonts/notosc-thin.html]
[www.shinhanvc.com/fonts/notosc-thind41d.html]
[www.shinhanvc.com/fonts/notosc-light.html]
[www.shinhanvc.com/fonts/notosc-lightd41d.html]
[www.shinhanvc.com/fonts/notosc-regular.html]
[www.shinhanvc.com/fonts/notosc-regulard41d.html]
[www.shinhanvc.com/fonts/notosc-medium.html]
[www.shinhanvc.com/fonts/notosc-mediumd41d.html]
[www.shinhanvc.com/fonts/notosc-bold.html]
[www.shinhanvc.com/fonts/notosc-boldd41d.html]
[www.shinhanvc.com/fonts/roboto-v20-latin-100.html]
[www.shinhanvc.com/fonts/roboto-v20-latin-100.svg]
[www.shinhanvc.com/fonts/roboto-v20-latin-300.html]
[www.shinhanvc.com/fonts/roboto-v20-latin-300.svg]
[www.shinhanvc.com/fonts/roboto-v20-latin-regular.html]
[www.shinhanvc.com/fonts/roboto-v20-latin-regular.svg]
[www.shinhanvc.com/fonts/roboto-v20-latin-500.html]
[www.shinhanvc.com/fonts/roboto-v20-latin-500.svg]
[www.shinhanvc.com/fonts/roboto-v20-latin-700.html]
[www.shinhanvc.com/fonts/roboto-v20-latin-700.svg]
[www.shinhanvc.com/fonts/roboto-v20-latin-900.html]
[www.shinhanvc.com/fonts/roboto-v20-latin-900.svg]
[cdn.jsdelivr.net/npm/bootstrap-icons@1.5.0/font/fonts/bootstrap-icons63f3.woff2]
[cdn.jsdelivr.net/npm/bootstrap-icons@1.5.0/font/fonts/bootstrap-icons63f3.woff]
[cdn.jsdelivr.net/npm/bootstrap-icons@1.5.0/font/bootstrap-icons.css]
[www.shinhanvc.com/fonts/OneShinhanLight.woff]
[www.shinhanvc.com/fonts/OneShinhanMedium.woff]
[www.shinhanvc.com/css/font2.css]
[www.shinhanvc.com/fonts/OneShinhanBold.woff]
[www.shinhanvc.com/images/logo.svg]
[cdn.jsdelivr.net/npm/xeicon@2.3.3/fonts/xeicon75d5.svg]
[www.shinhanvc.com/css/owl.carousel.css]
[www.shinhanvc.com/en/aboutus/greetings.html]
[www.shinhanvc.com/css/owl.video.play.html]
[www.shinhanvc.com/images/aboutUs/organization_img_en.png]
[www.shinhanvc.com/en/aboutus/organization.html]
[www.shinhanvc.com/en/aboutus/history.html]
[www.shinhanvc.com/en/aboutus/contactus.html]
[www.shinhanvc.com/en/investment/portfolio2679.html]
[www.shinhanvc.com/en/investment/portfolio.html]
[www.shinhanvc.com/en/investment/portfoliof62c.html]
[www.shinhanvc.com/en/team/vc.html]
[www.shinhanvc.com/en/team/pe.html]
[www.shinhanvc.com/en/team/globalinvestment.html]
[www.shinhanvc.com/en/team/investmentstrategy.html]
[www.shinhanvc.com/en/team/riskmanagement.html]
[www.shinhanvc.com/en/team/businesssupport.html]
[www.shinhanvc.com/en/notice/notice/27.html]
[www.shinhanvc.com/en/notice/notice/26.html]
[www.shinhanvc.com/en/notice/notice/25.html]
[www.shinhanvc.com/en/notice/notice/24.html]
[www.shinhanvc.com/en/notice/notice/23.html]
[www.shinhanvc.com/en/notice/notice/20.html]
[www.shinhanvc.com/en/notice/notice/21.html]
[www.shinhanvc.com/en/notice/notice.html]
[www.shinhanvc.com/css/sub.css]
[www.shinhanvc.com/en/notice/notice/22.html]
[www.shinhanvc.com/images/aboutUs/greetings_bg.jpg]
[www.shinhanvc.com/css/pages/aboutUs.css]
[www.shinhanvc.com/css/pages/investment.css]
[www.shinhanvc.com/upload/portfolio/20220331/logo21.png]
[www.shinhanvc.com/upload/portfolio/20220331/logo22.png]
[www.shinhanvc.com/upload/portfolio/20220331/logo23.png]
[www.shinhanvc.com/upload/portfolio/20220331/logo24.png]
[www.shinhanvc.com/upload/portfolio/20220331/logo25.png]
[www.shinhanvc.com/upload/portfolio/20220331/logo26.png]
[www.shinhanvc.com/upload/portfolio/20220331/logo27.png]
[www.shinhanvc.com/upload/portfolio/20220331/logo28.png]
[www.shinhanvc.com/upload/portfolio/20220331/logo30.png]
[www.shinhanvc.com/upload/portfolio/20220331/logo32.png]
[www.shinhanvc.com/upload/portfolio/20220331/logo33.png]
[www.shinhanvc.com/upload/portfolio/20220331/logo34.png]
[www.shinhanvc.com/upload/portfolio/20220331/logo35.png]
[www.shinhanvc.com/upload/portfolio/20220331/logo36.png]
[www.shinhanvc.com/upload/portfolio/20220331/logo37.png]
[www.shinhanvc.com/upload/portfolio/20220331/logo38.png]
[www.shinhanvc.com/upload/portfolio/20220331/logo39.png]
[www.shinhanvc.com/upload/portfolio/20220331/logo40.png]
[www.shinhanvc.com/upload/portfolio/20220331/logo41.png]
[www.shinhanvc.com/kr/investment/portfolio02e4.html]
[www.shinhanvc.com/kr/investment/portfolio2679.html]
[www.shinhanvc.com/kr/investment/portfolio4658.html]
[www.shinhanvc.com/upload/portfolio/20220331/logo422.png]
[www.shinhanvc.com/upload/portfolio/20220331/logo423.png]
[www.shinhanvc.com/upload/portfolio/20220331/logo424.png]
[www.shinhanvc.com/upload/portfolio/20220331/logo427.png]
[www.shinhanvc.com/upload/portfolio/20220331/logo428.png]
[www.shinhanvc.com/kr/investment/portfoliof62c.html]
[www.shinhanvc.com/css/pages/team.css]
[www.shinhanvc.com/kr/investment/portfolio7537.html]
[www.shinhanvc.com/css/pages/notice.css]
[www.shinhanvc.com/kr/notice/notice/27.html]
[www.shinhanvc.com/kr/notice/notice/26.html]
[www.shinhanvc.com/kr/notice/notice/25.html]
[www.shinhanvc.com/kr/notice/notice/24.html]
[www.shinhanvc.com/kr/notice/notice/23.html]
[www.shinhanvc.com/kr/notice/notice/20.html]
[www.shinhanvc.com/kr/notice/notice/21.html]
[www.shinhanvc.com/kr/notice/notice/22.html]
[www.shinhanvc.com/css/pages/our.css]
[www.shinhanvc.com/css/owl.video.play.html]
[www.shinhanvc.com/en/investment/portfolio02e4.html]
[www.shinhanvc.com/en/investment/portfolio2679.html]
[www.shinhanvc.com/en/investment/portfolio4658.html]
[www.shinhanvc.com/en/investment/portfolio7537.html]
[www.shinhanvc.com/en/investment/portfoliof62c.html]
[www.shinhanvc.com/en/notice/notice/27.html]
[www.shinhanvc.com/en/notice/notice/26.html]
[www.shinhanvc.com/en/notice/notice/25.html]
[www.shinhanvc.com/en/notice/notice/24.html]
[www.shinhanvc.com/en/notice/notice/23.html]
[www.shinhanvc.com/en/notice/notice/20.html]
[www.shinhanvc.com/en/notice/notice/21.html]
[www.shinhanvc.com/en/notice/notice/22.html]
[www.shinhanvc.com/kr/investment/portfolio02e4.html]
[www.shinhanvc.com/upload/portfolio/20220331/logo42.png]
[www.shinhanvc.com/upload/portfolio/20220331/logo43.png]
[www.shinhanvc.com/upload/portfolio/20220331/logo44.png]
[www.shinhanvc.com/upload/portfolio/20220331/logo45.png]
[www.shinhanvc.com/upload/portfolio/20220331/logo46.png]
[www.shinhanvc.com/upload/portfolio/20220331/logo47.png]
[www.shinhanvc.com/upload/portfolio/20220331/logo48.png]
[www.shinhanvc.com/upload/portfolio/20220331/logo49.png]
[www.shinhanvc.com/upload/portfolio/20220331/logo50.png]
[www.shinhanvc.com/upload/portfolio/20220331/logo51.png]
[www.shinhanvc.com/upload/portfolio/20220331/logo53.png]
[www.shinhanvc.com/upload/portfolio/20220331/logo55.png]
[www.shinhanvc.com/upload/portfolio/20220331/logo56.png]
[www.shinhanvc.com/upload/portfolio/20220331/logo57.png]
[www.shinhanvc.com/upload/portfolio/20220331/logo58.png]
[www.shinhanvc.com/upload/portfolio/20220331/logo59.png]
[www.shinhanvc.com/upload/portfolio/20220331/logo60.png]
[www.shinhanvc.com/upload/portfolio/20220331/logo61.png]
[www.shinhanvc.com/kr/investment/portfolio4658.html]
[www.shinhanvc.com/kr/investment/portfolio9ba9.html]
[www.shinhanvc.com/upload/portfolio/20220331/logo410.png]
[www.shinhanvc.com/upload/portfolio/20220331/logo413.png]
[www.shinhanvc.com/upload/portfolio/20220331/logo416.png]
[www.shinhanvc.com/upload/portfolio/20220331/logo417.png]
[www.shinhanvc.com/upload/portfolio/20220331/logo420.png]
[www.shinhanvc.com/kr/investment/portfolio7537.html]
[www.shinhanvc.com/kr/investment/portfolio9683.html]
[www.shinhanvc.com/common/img/line_dot.html]
[www.shinhanvc.com/en/investment/portfolio02e4.html]
[www.shinhanvc.com/en/investment/portfolio4658.html]
[www.shinhanvc.com/en/investment/portfolio9ba9.html]
[www.shinhanvc.com/en/investment/portfolio7537.html]
[www.shinhanvc.com/en/investment/portfolio9683.html]
[www.shinhanvc.com/upload/portfolio/20220331/logo62.png]
[www.shinhanvc.com/upload/portfolio/20220331/logo63.png]
[www.shinhanvc.com/upload/portfolio/20220331/logo65.png]
[www.shinhanvc.com/upload/portfolio/20220331/logo66.png]
[www.shinhanvc.com/upload/portfolio/20220331/logo67.png]
[www.shinhanvc.com/upload/portfolio/20220331/logo68.png]
[www.shinhanvc.com/upload/portfolio/20220331/logo69.png]
[www.shinhanvc.com/upload/portfolio/20220331/logo70.png]
[www.shinhanvc.com/upload/portfolio/20220331/logo71.png]
[www.shinhanvc.com/upload/portfolio/20220331/logo72.png]
[www.shinhanvc.com/upload/portfolio/20220331/logo73.png]
[www.shinhanvc.com/upload/portfolio/20220331/logo74.png]
[www.shinhanvc.com/upload/portfolio/20220331/logo75.png]
[www.shinhanvc.com/upload/portfolio/20220331/logo76.png]
[www.shinhanvc.com/upload/portfolio/20220331/logo79.png]
[www.shinhanvc.com/upload/portfolio/20220331/logo80.png]
[www.shinhanvc.com/upload/portfolio/20220331/logo81.png]
[www.shinhanvc.com/upload/portfolio/20220331/logo83.png]
[www.shinhanvc.com/kr/investment/portfolio9ba9.html]
[www.shinhanvc.com/kr/investment/portfoliofdb0.html]
[www.shinhanvc.com/upload/portfolio/20220331/logo392.png]
[www.shinhanvc.com/kr/investment/portfolio9683.html]
[www.shinhanvc.com/kr/team/_/upload/team/20220331/145515_vc1_01_leejunho.html]
[www.shinhanvc.com/kr/team/_/upload/team/20220331/144140_vc1_03_chojaeho.html]
[www.shinhanvc.com/kr/team/_/upload/team/20220331/151018_vc1_06_parkhyunkuk.html]
[www.shinhanvc.com/kr/team/_/upload/team/20220331/144711_vc2_04_jungsunyeol.html]
[www.shinhanvc.com/kr/team/_/upload/team/20220331/144542_vc1_10_kimsinae.html]
[www.shinhanvc.com/kr/team/_/upload/team/20220331/144606_vc2_01_hyunjongyoon.html]
[www.shinhanvc.com/kr/team/_/upload/team/20220331/144343_vc1_05_parkjoohan.html]
[www.shinhanvc.com/kr/team/_/upload/team/20220331/144652_vc2_03_hongwinki.html]
[www.shinhanvc.com/kr/team/_/upload/team/20220331/144748_vc2_05_younsoungpil.html]
[www.shinhanvc.com/kr/team/_/upload/team/20220331/144101_vc1_02_choisungil.html]
[www.shinhanvc.com/kr/team/_/upload/team/20220331/144503_vc1_08_leewonho.html]
[www.shinhanvc.com/kr/team/_/upload/team/20220331/144313_vc1_04_kimtaehee.html]
[www.shinhanvc.com/kr/team/_/upload/team/20220331/144436_vc1_07_leejaeyoung.html]
[www.shinhanvc.com/kr/team/_/upload/team/20220331/144525_vc1_09_jungilyoung.html]
[www.shinhanvc.com/kr/team/_/upload/team/20220331/144631_vc2_02_kimseunghyun.html]
[www.shinhanvc.com/kr/team/_/upload/team/20220530/NamgiKim_0530.html]
[www.shinhanvc.com/kr/team/_/upload/team/20220331/144806_pe_01_kimdonghwan.html]
[www.shinhanvc.com/kr/team/_/upload/team/20220331/144825_pe_02_parkjiyoung.html]
[www.shinhanvc.com/kr/team/_/upload/team/20220331/152239_pe_03_hdsuk.html]
[www.shinhanvc.com/kr/team/_/upload/team/20220331/152301_pe_04_chosungpil.html]
[www.shinhanvc.com/kr/team/_/upload/team/20220331/152339_pe_05_leekihun.html]
[www.shinhanvc.com/kr/team/_/upload/team/20220331/152358_pe_06_nohseungyong.html]
[www.shinhanvc.com/kr/team/_/upload/team/20220331/152418_pe_07_hurgyusang.html]
[www.shinhanvc.com/kr/team/_/upload/team/20220602/051259_JinsooLee.html]
[www.shinhanvc.com/kr/team/_/upload/team/20220602/051412_EricKim.html]
[www.shinhanvc.com/kr/team/_/upload/team/20220923/global_JuliaYaejinSeo.html]
[www.shinhanvc.com/kr/team/_/upload/team/20220331/145632_investmentstrategy_01_bongwonoh.html]
[www.shinhanvc.com/kr/team/_/upload/team/20220331/145616_investmentstrategy_02_leejungsoo.html]
[www.shinhanvc.com/kr/team/_/upload/team/20220331/145558_investmentstrategy_03_hanmanjun.html]
[www.shinhanvc.com/kr/team/_/upload/team/20221226/055518_최성희-b2.html]
[www.shinhanvc.com/kr/team/_/upload/team/20221227/003316_최우준-b.html]
[www.shinhanvc.com/kr/team/_/upload/team/20221229/034218_김지은-b.html]
[www.shinhanvc.com/kr/team/_/upload/team/20221229/034322_김승리-b.html]
[www.shinhanvc.com/kr/team/_/upload/team/20221227/003154_김종호-b.html]
[www.shinhanvc.com/kr/team/_/upload/team/20221226/030633_송익환-b.html]
[www.shinhanvc.com/kr/team/_/upload/team/20221226/022852_이중열-b.html]
[www.shinhanvc.com/kr/team/_/upload/team/20221226/030508_김수형-b.html]
[www.shinhanvc.com/kr/team/_/upload/team/20221226/030743_한창욱-b.html]
[www.shinhanvc.com/kr/team/_/upload/team/20221229/034520_권명옥-b.html]
[www.shinhanvc.com/kr/team/_/upload/team/20221229/034617_박혜선-b.html]
[www.shinhanvc.com/kr/team/_/upload/team/20221229/034715_김미영-b.html]
[www.shinhanvc.com/kr/team/_/upload/team/20221230/022613_유창현-b-3.html]
[www.shinhanvc.com/kr/team/_/upload/team/20221229/040836_이예지-b.html]
[www.shinhanvc.com/kr/investment/portfolio5c43.html]
[www.shinhanvc.com/en/investment/portfolio9ba9.html]
[www.shinhanvc.com/en/investment/portfoliofdb0.html]
[www.shinhanvc.com/en/investment/portfolio9683.html]
[www.shinhanvc.com/en/team/_/upload/team/20220331/145515_vc1_01_leejunho.html]
[www.shinhanvc.com/en/team/_/upload/team/20220331/144140_vc1_03_chojaeho.html]
[www.shinhanvc.com/en/team/_/upload/team/20220331/151018_vc1_06_parkhyunkuk.html]
[www.shinhanvc.com/en/team/_/upload/team/20220331/144711_vc2_04_jungsunyeol.html]
[www.shinhanvc.com/en/team/_/upload/team/20220331/144542_vc1_10_kimsinae.html]
[www.shinhanvc.com/en/team/_/upload/team/20220331/144606_vc2_01_hyunjongyoon.html]
[www.shinhanvc.com/en/team/_/upload/team/20220331/144343_vc1_05_parkjoohan.html]
[www.shinhanvc.com/en/team/_/upload/team/20220331/144652_vc2_03_hongwinki.html]
[www.shinhanvc.com/en/team/_/upload/team/20220331/144748_vc2_05_younsoungpil.html]
[www.shinhanvc.com/en/team/_/upload/team/20220331/144101_vc1_02_choisungil.html]
[www.shinhanvc.com/en/team/_/upload/team/20220331/144503_vc1_08_leewonho.html]
[www.shinhanvc.com/en/team/_/upload/team/20220331/144313_vc1_04_kimtaehee.html]
[www.shinhanvc.com/en/team/_/upload/team/20220331/144436_vc1_07_leejaeyoung.html]
[www.shinhanvc.com/en/team/_/upload/team/20220331/144525_vc1_09_jungilyoung.html]
[www.shinhanvc.com/en/team/_/upload/team/20220331/144631_vc2_02_kimseunghyun.html]
[www.shinhanvc.com/en/team/_/upload/team/20220530/NamgiKim_0530.html]
[www.shinhanvc.com/en/team/_/upload/team/20220331/144806_pe_01_kimdonghwan.html]
[www.shinhanvc.com/en/team/_/upload/team/20220331/144825_pe_02_parkjiyoung.html]
[www.shinhanvc.com/en/team/_/upload/team/20220331/152239_pe_03_hdsuk.html]
[www.shinhanvc.com/en/team/_/upload/team/20220331/152301_pe_04_chosungpil.html]
[www.shinhanvc.com/en/team/_/upload/team/20220331/152339_pe_05_leekihun.html]
[www.shinhanvc.com/en/team/_/upload/team/20220331/152358_pe_06_nohseungyong.html]
[www.shinhanvc.com/en/team/_/upload/team/20220331/152418_pe_07_hurgyusang.html]
[www.shinhanvc.com/en/team/_/upload/team/20220602/051259_JinsooLee.html]
[www.shinhanvc.com/en/team/_/upload/team/20220602/051412_EricKim.html]
[www.shinhanvc.com/en/team/_/upload/team/20220923/global_JuliaYaejinSeo.html]
[www.shinhanvc.com/en/team/_/upload/team/20220331/145632_investmentstrategy_01_bongwonoh.html]
[www.shinhanvc.com/en/team/_/upload/team/20220331/145616_investmentstrategy_02_leejungsoo.html]
[www.shinhanvc.com/en/team/_/upload/team/20220331/145558_investmentstrategy_03_hanmanjun.html]
[www.shinhanvc.com/en/team/_/upload/team/20221226/055518_최성희-b2.html]
[www.shinhanvc.com/en/team/_/upload/team/20221227/003316_최우준-b.html]
[www.shinhanvc.com/en/team/_/upload/team/20221229/034218_김지은-b.html]
[www.shinhanvc.com/en/team/_/upload/team/20221229/034322_김승리-b.html]
[www.shinhanvc.com/en/team/_/upload/team/20221227/003154_김종호-b.html]
[www.shinhanvc.com/en/team/_/upload/team/20221226/030633_송익환-b.html]
[www.shinhanvc.com/en/team/_/upload/team/20221226/022852_이중열-b.html]
[www.shinhanvc.com/en/team/_/upload/team/20221226/030508_김수형-b.html]
[www.shinhanvc.com/en/team/_/upload/team/20221226/030743_한창욱-b.html]
[www.shinhanvc.com/en/team/_/upload/team/20221229/034520_권명옥-b.html]
[www.shinhanvc.com/en/team/_/upload/team/20221229/034617_박혜선-b.html]
[www.shinhanvc.com/en/team/_/upload/team/20221229/034715_김미영-b.html]
[www.shinhanvc.com/en/team/_/upload/team/20221230/022613_유창현-b-3.html]
[www.shinhanvc.com/en/team/_/upload/team/20221229/040836_이예지-b.html]
[www.shinhanvc.com/en/investment/portfolio5c43.html]
[www.shinhanvc.com/upload/portfolio/20220331/logo86.png]
[www.shinhanvc.com/upload/portfolio/20220331/logo87.png]
[www.shinhanvc.com/upload/portfolio/20220331/logo88.png]
[www.shinhanvc.com/upload/portfolio/20220331/logo92.png]
[www.shinhanvc.com/upload/portfolio/20220331/logo93.png]
[www.shinhanvc.com/upload/portfolio/20220331/logo94.png]
[www.shinhanvc.com/upload/portfolio/20220331/logo95.png]
[www.shinhanvc.com/upload/portfolio/20220331/logo96.png]
[www.shinhanvc.com/upload/portfolio/20220331/logo97.png]
[www.shinhanvc.com/upload/portfolio/20220331/logo98.png]
[www.shinhanvc.com/upload/portfolio/20220331/logo100.png]
[www.shinhanvc.com/upload/portfolio/20220331/logo101.png]
[www.shinhanvc.com/upload/portfolio/20220331/logo102.png]
[www.shinhanvc.com/upload/portfolio/20220331/logo103.png]
[www.shinhanvc.com/upload/portfolio/20220331/logo104.png]
[www.shinhanvc.com/upload/portfolio/20220331/logo105.png]
[www.shinhanvc.com/upload/portfolio/20220331/logo106.png]
[www.shinhanvc.com/upload/portfolio/20220331/logo107.png]
[www.shinhanvc.com/kr/investment/portfoliofdb0.html]
[www.shinhanvc.com/kr/investment/portfolioaf4d.html]
[www.shinhanvc.com/upload/portfolio/20220331/logo379.png]
[www.shinhanvc.com/kr/investment/portfolio5c43.html]
[www.shinhanvc.com/en/investment/portfoliofdb0.html]
[www.shinhanvc.com/kr/investment/portfolio42a7.html]
[www.shinhanvc.com/en/investment/portfolio5c43.html]
[www.shinhanvc.com/en/investment/portfolioe4a7.html]
[www.shinhanvc.com/en/investment/portfolio42a7.html]
[www.shinhanvc.com/upload/portfolio/20220331/logo109.png]
[www.shinhanvc.com/upload/portfolio/20220331/logo110.png]
[www.shinhanvc.com/upload/portfolio/20220331/logo111.png]
[www.shinhanvc.com/upload/portfolio/20220331/logo112.png]
[www.shinhanvc.com/upload/portfolio/20220331/logo113.png]
[www.shinhanvc.com/upload/portfolio/20220331/logo114.png]
[www.shinhanvc.com/upload/portfolio/20220331/logo116.png]
[www.shinhanvc.com/upload/portfolio/20220331/logo117.png]
[www.shinhanvc.com/upload/portfolio/20220331/logo118.png]
[www.shinhanvc.com/upload/portfolio/20220331/logo120.png]
[www.shinhanvc.com/upload/portfolio/20220331/logo122.png]
[www.shinhanvc.com/upload/portfolio/20220331/logo123.png]
[www.shinhanvc.com/upload/portfolio/20220331/logo124.png]
[www.shinhanvc.com/upload/portfolio/20220331/logo125.png]
[www.shinhanvc.com/upload/portfolio/20220331/logo126.png]
[www.shinhanvc.com/upload/portfolio/20220331/logo128.png]
[www.shinhanvc.com/upload/portfolio/20220331/logo129.png]
[www.shinhanvc.com/kr/investment/portfolioaf4d.html]
[www.shinhanvc.com/kr/investment/portfolioc575.html]
[www.shinhanvc.com/upload/portfolio/20220331/logo350.png]
[www.shinhanvc.com/upload/portfolio/20220331/logo351.png]
[www.shinhanvc.com/kr/investment/portfolio42a7.html]
[www.shinhanvc.com/kr/investment/portfolio5760.html]
[www.shinhanvc.com/en/investment/portfolio42a7.html]
[www.shinhanvc.com/en/investment/portfolio5760.html]
[www.shinhanvc.com/upload/portfolio/20220331/logo131.png]
[www.shinhanvc.com/upload/portfolio/20220331/logo132.png]
[www.shinhanvc.com/upload/portfolio/20220331/logo133.png]
[www.shinhanvc.com/upload/portfolio/20220331/logo135.png]
[www.shinhanvc.com/upload/portfolio/20220331/logo136.png]
[www.shinhanvc.com/upload/portfolio/20220331/logo137.png]
[www.shinhanvc.com/upload/portfolio/20220331/logo138.png]
[www.shinhanvc.com/upload/portfolio/20220331/logo139.png]
[www.shinhanvc.com/upload/portfolio/20220331/logo140.png]
[www.shinhanvc.com/upload/portfolio/20220331/logo141.png]
[www.shinhanvc.com/upload/portfolio/20220331/logo142.png]
[www.shinhanvc.com/upload/portfolio/20220331/logo143.png]
[www.shinhanvc.com/upload/portfolio/20220331/logo144.png]
[www.shinhanvc.com/upload/portfolio/20220331/logo145.png]
[www.shinhanvc.com/upload/portfolio/20220331/logo146.png]
[www.shinhanvc.com/upload/portfolio/20220331/logo147.png]
[www.shinhanvc.com/upload/portfolio/20220331/logo148.png]
[www.shinhanvc.com/upload/portfolio/20220331/logo149.png]
[www.shinhanvc.com/upload/portfolio/20220331/logo150.png]
[www.shinhanvc.com/kr/investment/portfolioc575.html]
[www.shinhanvc.com/kr/investment/portfolio235c.html]
[www.shinhanvc.com/kr/investment/portfolio5760.html]
[www.shinhanvc.com/kr/investment/portfolioa7f1.html]
[www.shinhanvc.com/en/investment/portfolio5760.html]
[www.shinhanvc.com/en/investment/portfolioa7f1.html]
[www.shinhanvc.com/upload/portfolio/20220331/logo151.png]
[www.shinhanvc.com/upload/portfolio/20220331/logo153.png]
[www.shinhanvc.com/upload/portfolio/20220331/logo154.png]
[www.shinhanvc.com/upload/portfolio/20220331/logo155.png]
[www.shinhanvc.com/upload/portfolio/20220331/logo156.png]
[www.shinhanvc.com/upload/portfolio/20220331/logo157.png]
[www.shinhanvc.com/upload/portfolio/20220331/logo159.png]
[www.shinhanvc.com/upload/portfolio/20220331/logo160.png]
[www.shinhanvc.com/upload/portfolio/20220331/logo162.png]
[www.shinhanvc.com/upload/portfolio/20220331/logo163.png]
[www.shinhanvc.com/upload/portfolio/20220331/logo164.png]
[www.shinhanvc.com/upload/portfolio/20220331/logo165.png]
[www.shinhanvc.com/upload/portfolio/20220331/logo166.png]
[www.shinhanvc.com/upload/portfolio/20220331/logo168.png]
[www.shinhanvc.com/upload/portfolio/20220331/logo169.png]
[www.shinhanvc.com/upload/portfolio/20220331/logo171.png]
[www.shinhanvc.com/kr/investment/portfolio235c.html]
[www.shinhanvc.com/kr/investment/portfoliofdfa.html]
[www.shinhanvc.com/upload/portfolio/20220331/logo313.png]
[www.shinhanvc.com/kr/investment/portfolioa7f1.html]
[www.shinhanvc.com/kr/investment/portfolio8c93.html]
[www.shinhanvc.com/en/investment/portfolioa7f1.html]
[www.shinhanvc.com/en/investment/portfolio8c93.html]
[www.shinhanvc.com/upload/portfolio/20220331/logo172.png]
[www.shinhanvc.com/upload/portfolio/20220331/logo173.png]
[www.shinhanvc.com/upload/portfolio/20220331/logo176.png]
[www.shinhanvc.com/upload/portfolio/20220331/logo177.png]
[www.shinhanvc.com/upload/portfolio/20220331/logo179.png]
[www.shinhanvc.com/upload/portfolio/20220331/logo180.png]
[www.shinhanvc.com/upload/portfolio/20220331/logo181.png]
[www.shinhanvc.com/upload/portfolio/20220331/logo183.png]
[www.shinhanvc.com/upload/portfolio/20220331/logo184.png]
[www.shinhanvc.com/upload/portfolio/20220331/logo185.png]
[www.shinhanvc.com/upload/portfolio/20220331/logo187.png]
[www.shinhanvc.com/upload/portfolio/20220331/logo189.png]
[www.shinhanvc.com/upload/portfolio/20220331/logo190.png]
[www.shinhanvc.com/upload/portfolio/20220331/logo191.png]
[www.shinhanvc.com/kr/investment/portfoliofdfa.html]
[www.shinhanvc.com/kr/investment/www.nexilion.html]
[www.shinhanvc.com/kr/investment/portfolio0b08.html]
[www.shinhanvc.com/kr/investment/portfolio8c93.html]
[www.shinhanvc.com/en/investment/www.nexilion.html]
[www.shinhanvc.com/kr/investment/portfolioce37.html]
[www.shinhanvc.com/en/investment/portfolio8c93.html]
[www.shinhanvc.com/en/investment/portfolioce37.html]
[www.shinhanvc.com/upload/portfolio/20220331/logo192.png]
[www.shinhanvc.com/upload/portfolio/20220331/logo194.png]
[www.shinhanvc.com/upload/portfolio/20220331/logo195.png]
[www.shinhanvc.com/upload/portfolio/20220331/logo196.png]
[www.shinhanvc.com/upload/portfolio/20220331/logo199.png]
[www.shinhanvc.com/upload/portfolio/20220331/logo200.png]
[www.shinhanvc.com/upload/portfolio/20220331/logo206.png]
[www.shinhanvc.com/kr/investment/portfolio0b08.html]
[www.shinhanvc.com/kr/investment/portfolio1448.html]
[www.shinhanvc.com/upload/portfolio/20220331/logo258.png]
[www.shinhanvc.com/upload/portfolio/20220331/logo270.png]
[www.shinhanvc.com/kr/investment/portfolioce37.html]
[www.shinhanvc.com/kr/investment/portfolio1c8b.html]
[www.shinhanvc.com/en/investment/portfolioce37.html]
[www.shinhanvc.com/en/investment/portfolio1c8b.html]
[www.shinhanvc.com/upload/portfolio/20220331/logo228.png]
[www.shinhanvc.com/kr/investment/portfolio1448.html]
[www.shinhanvc.com/upload/portfolio/20220331/logo239.png]
[www.shinhanvc.com/upload/portfolio/20220331/logo240.png]
[www.shinhanvc.com/upload/portfolio/20220331/logo245.png]
[www.shinhanvc.com/upload/portfolio/20220331/logo246.png]
[www.shinhanvc.com/upload/portfolio/20220331/logo249.png]
[www.shinhanvc.com/kr/investment/portfolio1c8b.html]
[www.shinhanvc.com/upload/portfolio/20220331/logo256.png]
[www.shinhanvc.com/en/investment/portfolio1c8b.html]
[www.shinhanvc.com/en/investment/portfolio1448.html]
[www.shinhanvc.com/en/investment/portfolio1448.html]
[www.shinhanvc.com/en/investment/portfolio0b08.html]
[www.shinhanvc.com/en/investment/portfolio0b08.html]
[www.shinhanvc.com/en/investment/portfoliofdfa.html]
[www.shinhanvc.com/en/investment/portfoliofdfa.html]
[www.shinhanvc.com/en/investment/portfolio235c.html]
[www.shinhanvc.com/en/investment/portfolio235c.html]
[www.shinhanvc.com/en/investment/portfolioc575.html]
[www.shinhanvc.com/en/investment/portfolioc575.html]
[www.shinhanvc.com/en/investment/portfolioaf4d.html]
[www.shinhanvc.com/en/investment/portfolioaf4d.html]
